// Jest Snapshot v1, https://goo.gl/fbAQLP

exports[`<RenderProductData /> should match snapshot 1`] = `
<DocumentFragment>
  <div
    class="sc-gKsewC colzyP"
  >
    <div
      class="sc-bdfBwQ OcYKz"
    >
      <div
        class="sc-iBPRYJ hxjBfL"
      >
        EWHHOP ROOM
      </div>
      <div
        class="sc-fubCfw hOXhA"
      >
        reps
      </div>
      <div
        class="sc-iqHYGH dAXPNT"
      >
        Available colors: 
        <div
          class="sc-crrsfI EDVgP"
          color="blue"
          data-testid="color-button"
        />
        <div
          class="sc-pFZIQ loYqnT"
        >
          IN STOCK
        </div>
      </div>
      <div
        class="sc-jrAGrp gxxglh"
      >
        <svg
          fill="blue"
          height="25"
          stroke="black"
          width="25"
        >
          jacket.svg
        </svg>
      </div>
      <div
        class="sc-kEjbxe kwEZgA"
      >
        $52
      </div>
    </div>
    <div
      class="sc-bdfBwQ OcYKz"
    >
      <div
        class="sc-iBPRYJ hxjBfL"
      >
        WEERLEP METROPOLIS RAPTOR
      </div>
      <div
        class="sc-fubCfw hOXhA"
      >
        reps
      </div>
      <div
        class="sc-iqHYGH dAXPNT"
      >
        Available colors: 
        <div
          class="sc-crrsfI eztgBS"
          color="black"
          data-testid="color-button"
        />
        <div
          class="sc-pFZIQ loYqnT"
        >
          OUT OF STOCK
        </div>
      </div>
      <div
        class="sc-jrAGrp gxxglh"
      >
        <svg
          fill="black"
          height="25"
          stroke="black"
          width="25"
        >
          jacket.svg
        </svg>
      </div>
      <div
        class="sc-kEjbxe lMpby"
      >
        $98
      </div>
    </div>
    <div
      class="sc-bdfBwQ OcYKz"
    >
      <div
        class="sc-iBPRYJ hxjBfL"
      >
        DERWEER TYRANNUS BANG
      </div>
      <div
        class="sc-fubCfw hOXhA"
      >
        abiplos
      </div>
      <div
        class="sc-iqHYGH dAXPNT"
      >
        Available colors: 
        <div
          class="sc-crrsfI gmScuX"
          color="purple"
          data-testid="color-button"
        />
        <div
          class="sc-pFZIQ loYqnT"
        >
          LESS THAN 10
        </div>
      </div>
      <div
        class="sc-jrAGrp gxxglh"
      >
        <svg
          fill="purple"
          height="25"
          stroke="black"
          width="25"
        >
          jacket.svg
        </svg>
      </div>
      <div
        class="sc-kEjbxe kfQiPb"
      >
        $15
      </div>
    </div>
  </div>
</DocumentFragment>
`;
